// Jest Snapshot v1, https://goo.gl/fbAQLP

exports[`Article Listing 1`] = `
"<div class=\\"blurb-text\\" cell=\\"\\" medium-8\\"=\\"\\"><h3>Beware of complex inputs</h3>
<p>Don't just think about code complexity, think about <em>input</em> complexity.↵↵Computers only understand numbers,
<a href=\\"/articles/beware-complex-inputs\\">Full Article</a></p></div><div class=\\"blurb-art\\" cell=\\"\\" medium-3\\"=\\"\\"><div class=\\"vhp-art-snowflake\\"></div></div><div class=\\"blurb-text\\" cell=\\"\\" medium-8\\"=\\"\\"><h3>We Love Open Questions</h3>
<p>Why do we talk about things that have not been \\"proven\\" in research?↵↵Because science is a work in progress.
<a href=\\"/articles/open-questions\\">Full Article</a></p></div><div class=\\"blurb-art\\" cell=\\"\\" medium-3\\"=\\"\\"><div class=\\"vhp-art-question\\"></div></div><div class=\\"blurb-text\\" cell=\\"\\" medium-8\\"=\\"\\"><h3>Always Be Refactoring</h3>
<p>You can't secure it if you can't maintain it.↵↵<strong>Refactoring</strong> is the practice of improving the maintainability
<a href=\\"/articles/refactoring\\">Full Article</a></p></div><div class=\\"blurb-art\\" cell=\\"\\" medium-3\\"=\\"\\"><div class=\\"vhp-art-refactor\\"></div></div><hr><hr><hr>"
`;

exports[`Display All Articles as One Size 1`] = `
"<div class=\\"blurb-text\\" cell=\\"\\" medium-8\\"=\\"\\"><h3>Beware of complex inputs</h3>
<p>Don't just think about code complexity, think about <em>input</em> complexity.↵↵Computers only understand numbers,
<a href=\\"/articles/beware-complex-inputs\\">Full Article</a></p></div><div class=\\"blurb-art\\" cell=\\"\\" medium-3\\"=\\"\\"><div class=\\"vhp-art-snowflake\\"></div></div><div class=\\"blurb-text\\" cell=\\"\\" medium-8\\"=\\"\\"><h3>We Love Open Questions</h3>
<p>Why do we talk about things that have not been \\"proven\\" in research?↵↵Because science is a work in progress.
<a href=\\"/articles/open-questions\\">Full Article</a></p></div><div class=\\"blurb-art\\" cell=\\"\\" medium-3\\"=\\"\\"><div class=\\"vhp-art-question\\"></div></div><div class=\\"blurb-text\\" cell=\\"\\" medium-8\\"=\\"\\"><h3>Always Be Refactoring</h3>
<p>You can't secure it if you can't maintain it.↵↵<strong>Refactoring</strong> is the practice of improving the maintainability
<a href=\\"/articles/refactoring\\">Full Article</a></p></div><div class=\\"blurb-art\\" cell=\\"\\" medium-3\\"=\\"\\"><div class=\\"vhp-art-refactor\\"></div></div><hr><hr><hr>"
`;
