// Jest Snapshot v1, https://goo.gl/fbAQLP

exports[`ChurnBar 1`] = `
"
    <span class=\\"churn-bar\\">
      <span class=\\"num-bar-container\\">
    <span class=\\"insertions n\\">+20</span>
    <span class=\\"insertions-bg bar\\" style=\\"width: 1.3222192947339193em\\"></span> </span>
      <span class=\\"num-bar-container\\">
    <span class=\\"deletions n\\">+80</span>
    <span class=\\"deletions-bg bar\\" style=\\"width: 1.9084850188786497em\\"></span> </span>
    </span>"
`;
